2025-04-14 16:12:37 [main] INFO  com.example.hotel.HotelReservationApplication - Starting HotelReservationApplication using Java 17.0.5 with PID 42124 (D:\demo\target\classes started by jay.chauhan in D:\demo)
2025-04-14 16:12:37 [main] DEBUG com.example.hotel.HotelReservationApplication - Running with Spring Boot v3.1.4, Spring v6.0.12
2025-04-14 16:12:37 [main] INFO  com.example.hotel.HotelReservationApplication - No active profile set, falling back to 1 default profile: "default"
2025-04-14 16:12:37 [main] INFO  org.springframework.boot.web.embedded.tomcat.TomcatWebServer - Tomcat initialized with port(s): 8080 (http)
2025-04-14 16:12:37 [main] INFO  org.apache.coyote.http11.Http11NioProtocol - Initializing ProtocolHandler ["http-nio-8080"]
2025-04-14 16:12:37 [main] INFO  org.apache.catalina.core.StandardService - Starting service [Tomcat]
2025-04-14 16:12:37 [main] INFO  org.apache.catalina.core.StandardEngine - Starting Servlet engine: [Apache Tomcat/10.1.13]
2025-04-14 16:12:38 [main] INFO  org.apache.catalina.core.ContainerBase.[Tomcat].[localhost].[/] - Initializing Spring embedded WebApplicationContext
2025-04-14 16:12:38 [main] INFO  org.springframework.boot.web.servlet.context.ServletWebServerApplicationContext - Root WebApplicationContext: initialization completed in 988 ms
2025-04-14 16:12:38 [main] INFO  org.apache.coyote.http11.Http11NioProtocol - Starting ProtocolHandler ["http-nio-8080"]
2025-04-14 16:12:38 [main] INFO  org.springframework.boot.web.embedded.tomcat.TomcatWebServer - Tomcat started on port(s): 8080 (http) with context path ''
2025-04-14 16:12:38 [main] INFO  com.example.hotel.HotelReservationApplication - Started HotelReservationApplication in 1.651 seconds (process running for 3.177)
2025-04-14 16:12:38 [main] INFO  com.example.hotel.HotelReservationApplication - Loading hotels from: src/main/resources/hotels.json
2025-04-14 16:12:38 [main] INFO  com.example.hotel.HotelReservationApplication - Loading bookings from: src/main/resources/bookings.json
2025-04-14 16:12:38 [main] INFO  com.example.hotel.service.HotelService - Loading hotels from file: src/main/resources/hotels.json
2025-04-14 16:12:38 [main] INFO  com.example.hotel.util.DataLoader - Loading hotels from file: src/main/resources/hotels.json
2025-04-14 16:12:38 [main] INFO  com.example.hotel.service.HotelService - Loading bookings from file: src/main/resources/bookings.json
2025-04-14 16:12:38 [main] INFO  com.example.hotel.util.DataLoader - Loading bookings from file: src/main/resources/bookings.json
2025-04-14 16:12:38 [main] INFO  com.example.hotel.service.HotelService - Loaded 1 hotels and 2 bookings
2025-04-14 16:12:38 [main] INFO  com.example.hotel.HotelReservationApplication - Application started successfully!
2025-04-14 16:13:09 [http-nio-8080-exec-1] INFO  org.apache.catalina.core.ContainerBase.[Tomcat].[localhost].[/] - Initializing Spring DispatcherServlet 'dispatcherServlet'
2025-04-14 16:13:09 [http-nio-8080-exec-1] INFO  org.springframework.web.servlet.DispatcherServlet - Initializing Servlet 'dispatcherServlet'
2025-04-14 16:13:09 [http-nio-8080-exec-1] INFO  org.springframework.web.servlet.DispatcherServlet - Completed initialization in 2 ms
2025-04-14 16:13:09 [http-nio-8080-exec-1] DEBUG com.example.hotel.service.HotelService - Checking availability for hotelId: H1, roomType: DBL, dateRange: 20240901-20240903
2025-04-14 16:13:09 [http-nio-8080-exec-1] INFO  com.example.hotel.service.HotelService - Availability for hotelId: H1, roomType: DBL, dateRange: 20240901-20240903 is 2
2025-04-14 16:13:23 [http-nio-8080-exec-3] DEBUG com.example.hotel.service.HotelService - Checking availability for hotelId: H1, roomType: DBL, dateRange: 20240901-20241003
2025-04-14 16:13:23 [http-nio-8080-exec-3] INFO  com.example.hotel.service.HotelService - Availability for hotelId: H1, roomType: DBL, dateRange: 20240901-20241003 is 2
2025-04-14 16:13:24 [http-nio-8080-exec-4] DEBUG com.example.hotel.service.HotelService - Checking availability for hotelId: H1, roomType: DBL, dateRange: 20240901-20241003
2025-04-14 16:13:24 [http-nio-8080-exec-4] INFO  com.example.hotel.service.HotelService - Availability for hotelId: H1, roomType: DBL, dateRange: 20240901-20241003 is 2
2025-04-14 16:13:25 [http-nio-8080-exec-5] DEBUG com.example.hotel.service.HotelService - Checking availability for hotelId: H1, roomType: DBL, dateRange: 20240901-20241003
2025-04-14 16:13:25 [http-nio-8080-exec-5] INFO  com.example.hotel.service.HotelService - Availability for hotelId: H1, roomType: DBL, dateRange: 20240901-20241003 is 2
2025-04-14 16:15:55 [http-nio-8080-exec-8] DEBUG com.example.hotel.service.HotelService - Checking availability for hotelId: H1, roomType: DBL, dateRange: 20240901-20240903
2025-04-14 16:15:55 [http-nio-8080-exec-8] INFO  com.example.hotel.service.HotelService - Availability for hotelId: H1, roomType: DBL, dateRange: 20240901-20240903 is 2
2025-04-14 16:16:10 [http-nio-8080-exec-9] DEBUG com.example.hotel.service.HotelService - Checking availability for hotelId: H1, roomType: DBL, dateRange: 20240905-20240907
2025-04-14 16:16:10 [http-nio-8080-exec-9] INFO  com.example.hotel.service.HotelService - Availability for hotelId: H1, roomType: DBL, dateRange: 20240905-20240907 is 2
2025-04-14 16:16:38 [http-nio-8080-exec-10] DEBUG com.example.hotel.service.HotelService - Checking availability for hotelId: H1, roomType: SGL, dateRange: 20240901-20240903
2025-04-14 16:16:38 [http-nio-8080-exec-10] INFO  com.example.hotel.service.HotelService - Availability for hotelId: H1, roomType: SGL, dateRange: 20240901-20240903 is 2
2025-04-14 16:16:45 [http-nio-8080-exec-2] DEBUG com.example.hotel.service.HotelService - Checking availability for hotelId: H1, roomType: DGL, dateRange: 20240901-20240903
2025-04-14 16:16:45 [http-nio-8080-exec-2] WARN  com.example.hotel.service.HotelService - No rooms of type DGL found in hotel H1
2025-04-14 16:16:50 [http-nio-8080-exec-3] DEBUG com.example.hotel.service.HotelService - Checking availability for hotelId: H1, roomType: DBL, dateRange: 20240901-20240903
2025-04-14 16:16:50 [http-nio-8080-exec-3] INFO  com.example.hotel.service.HotelService - Availability for hotelId: H1, roomType: DBL, dateRange: 20240901-20240903 is 2
2025-04-14 16:16:59 [http-nio-8080-exec-4] DEBUG com.example.hotel.service.HotelService - Checking availability for hotelId: H2, roomType: DBL, dateRange: 20240901-20240903
2025-04-14 16:16:59 [http-nio-8080-exec-4] WARN  com.example.hotel.service.HotelService - Hotel with ID H2 not found
2025-04-14 16:17:06 [http-nio-8080-exec-6] DEBUG com.example.hotel.service.HotelService - Checking availability for hotelId: H1, roomType: DBL, dateRange: 20240901-20240903
2025-04-14 16:17:06 [http-nio-8080-exec-6] INFO  com.example.hotel.service.HotelService - Availability for hotelId: H1, roomType: DBL, dateRange: 20240901-20240903 is 2
2025-04-14 16:20:51 [http-nio-8080-exec-9] DEBUG com.example.hotel.service.HotelService - Checking availability for hotelId: H1, roomType: DBL, dateRange: 20240901-20240903
2025-04-14 16:20:51 [http-nio-8080-exec-9] INFO  com.example.hotel.service.HotelService - Availability for hotelId: H1, roomType: DBL, dateRange: 20240901-20240903 is 2
2025-04-14 16:21:01 [RMI TCP Connection(12)-127.0.0.1] INFO  org.springframework.boot.admin.SpringApplicationAdminMXBeanRegistrar$SpringApplicationAdmin - Application shutdown requested.
2025-04-14 16:21:01 [RMI TCP Connection(12)-127.0.0.1] INFO  org.apache.coyote.http11.Http11NioProtocol - Pausing ProtocolHandler ["http-nio-8080"]
2025-04-14 16:21:01 [RMI TCP Connection(12)-127.0.0.1] INFO  org.apache.catalina.core.StandardService - Stopping service [Tomcat]
2025-04-14 16:21:01 [RMI TCP Connection(12)-127.0.0.1] INFO  org.apache.catalina.core.ContainerBase.[Tomcat].[localhost].[/] - Destroying Spring FrameworkServlet 'dispatcherServlet'
2025-04-14 16:21:01 [RMI TCP Connection(12)-127.0.0.1] INFO  org.apache.coyote.http11.Http11NioProtocol - Stopping ProtocolHandler ["http-nio-8080"]
2025-04-14 16:21:11 [main] INFO  com.example.hotel.HotelReservationApplication - Starting HotelReservationApplication using Java 17.0.5 with PID 4100 (D:\demo\target\classes started by jay.chauhan in D:\demo)
2025-04-14 16:21:11 [main] DEBUG com.example.hotel.HotelReservationApplication - Running with Spring Boot v3.1.4, Spring v6.0.12
2025-04-14 16:21:11 [main] INFO  com.example.hotel.HotelReservationApplication - No active profile set, falling back to 1 default profile: "default"
2025-04-14 16:21:12 [main] INFO  org.springframework.boot.web.embedded.tomcat.TomcatWebServer - Tomcat initialized with port(s): 8080 (http)
2025-04-14 16:21:12 [main] INFO  org.apache.coyote.http11.Http11NioProtocol - Initializing ProtocolHandler ["http-nio-8080"]
2025-04-14 16:21:12 [main] INFO  org.apache.catalina.core.StandardService - Starting service [Tomcat]
2025-04-14 16:21:12 [main] INFO  org.apache.catalina.core.StandardEngine - Starting Servlet engine: [Apache Tomcat/10.1.13]
2025-04-14 16:21:12 [main] INFO  org.apache.catalina.core.ContainerBase.[Tomcat].[localhost].[/] - Initializing Spring embedded WebApplicationContext
2025-04-14 16:21:12 [main] INFO  org.springframework.boot.web.servlet.context.ServletWebServerApplicationContext - Root WebApplicationContext: initialization completed in 729 ms
2025-04-14 16:21:12 [main] INFO  org.apache.coyote.http11.Http11NioProtocol - Starting ProtocolHandler ["http-nio-8080"]
2025-04-14 16:21:13 [main] INFO  org.springframework.boot.web.embedded.tomcat.TomcatWebServer - Tomcat started on port(s): 8080 (http) with context path ''
2025-04-14 16:21:13 [main] INFO  com.example.hotel.HotelReservationApplication - Started HotelReservationApplication in 1.383 seconds (process running for 2.291)
2025-04-14 16:21:13 [main] INFO  com.example.hotel.HotelReservationApplication - Loading hotels from: src/main/resources/hotels.json
2025-04-14 16:21:13 [main] INFO  com.example.hotel.HotelReservationApplication - Loading bookings from: src/main/resources/bookings.json
2025-04-14 16:21:13 [main] INFO  com.example.hotel.service.HotelService - Loading hotels from file: src/main/resources/hotels.json
2025-04-14 16:21:13 [main] INFO  com.example.hotel.util.DataLoader - Loading hotels from file: src/main/resources/hotels.json
2025-04-14 16:21:13 [main] INFO  com.example.hotel.service.HotelService - Loading bookings from file: src/main/resources/bookings.json
2025-04-14 16:21:13 [main] INFO  com.example.hotel.util.DataLoader - Loading bookings from file: src/main/resources/bookings.json
2025-04-14 16:21:13 [main] INFO  com.example.hotel.service.HotelService - Loaded 1 hotels and 2 bookings
2025-04-14 16:21:13 [main] INFO  com.example.hotel.HotelReservationApplication - Application started successfully!
2025-04-14 16:21:21 [http-nio-8080-exec-3] INFO  org.apache.catalina.core.ContainerBase.[Tomcat].[localhost].[/] - Initializing Spring DispatcherServlet 'dispatcherServlet'
2025-04-14 16:21:21 [http-nio-8080-exec-3] INFO  org.springframework.web.servlet.DispatcherServlet - Initializing Servlet 'dispatcherServlet'
2025-04-14 16:21:21 [http-nio-8080-exec-3] INFO  org.springframework.web.servlet.DispatcherServlet - Completed initialization in 1 ms
2025-04-14 16:21:21 [http-nio-8080-exec-3] DEBUG com.example.hotel.service.HotelService - Checking availability for hotelId: H1, roomType: DBL, dateRange: 20240901-20240903
2025-04-14 16:21:21 [http-nio-8080-exec-3] INFO  com.example.hotel.service.HotelService - Total No. of rooms for selected date Range:2
2025-04-14 16:21:21 [http-nio-8080-exec-3] INFO  com.example.hotel.service.HotelService - Total No. of booked rooms for selected date Range:0
2025-04-14 16:21:21 [http-nio-8080-exec-3] INFO  com.example.hotel.service.HotelService - Availability for hotelId: H1, roomType: DBL, dateRange: 20240901-20240903 is 2
2025-04-14 16:28:34 [http-nio-8080-exec-5] DEBUG com.example.hotel.service.HotelService - Checking availability for hotelId: H1, roomType: DBL, dateRange: 20250901-20250903
2025-04-14 16:28:34 [http-nio-8080-exec-5] INFO  com.example.hotel.service.HotelService - Total No. of rooms for selected date Range:2
2025-04-14 16:28:34 [http-nio-8080-exec-5] INFO  com.example.hotel.service.HotelService - Total No. of booked rooms for selected date Range:1
2025-04-14 16:28:34 [http-nio-8080-exec-5] INFO  com.example.hotel.service.HotelService - Availability for hotelId: H1, roomType: DBL, dateRange: 20250901-20250903 is 1
2025-04-14 16:29:03 [RMI TCP Connection(11)-127.0.0.1] INFO  org.springframework.boot.admin.SpringApplicationAdminMXBeanRegistrar$SpringApplicationAdmin - Application shutdown requested.
2025-04-14 16:29:03 [RMI TCP Connection(11)-127.0.0.1] INFO  org.apache.coyote.http11.Http11NioProtocol - Pausing ProtocolHandler ["http-nio-8080"]
2025-04-14 16:29:03 [RMI TCP Connection(11)-127.0.0.1] INFO  org.apache.catalina.core.StandardService - Stopping service [Tomcat]
2025-04-14 16:29:03 [RMI TCP Connection(11)-127.0.0.1] INFO  org.apache.catalina.core.ContainerBase.[Tomcat].[localhost].[/] - Destroying Spring FrameworkServlet 'dispatcherServlet'
2025-04-14 16:29:03 [RMI TCP Connection(11)-127.0.0.1] INFO  org.apache.coyote.http11.Http11NioProtocol - Stopping ProtocolHandler ["http-nio-8080"]
